Test Report - Generated on 2024-06-23 23:46:02

Total Tests: 12
Passed: 9
Failed: 3
Pass Rate: 75.00%

Detailed Test Results:
test.py::test_app_title: passed
test.py::test_sidebar_inputs: passed
test.py::test_prediction_button: passed
test.py::test_input_validation: passed
test.py::test_model_loading: passed
test.py::test_prediction_performance: passed
test.py::test_error_handling: passed
test.py::test_selectbox_options: failed
test.py::test_input_display: passed
test.py::test_prediction_display: passed
test.py::test_model_columns_consistency: failed
test.py::test_scaler_functionality: failed
